Номаълум: 18 ta buyurtma -> nomalum-dbcf9ecd4c39.html
Azizbek: 203 ta buyurtma -> azizbek-3682b5e5f9c1.html
Shohjaxon: 6 ta buyurtma -> shohjaxon-1fc979b6b5c2.html
Gulzora: 100 ta buyurtma -> gulzora-dbafa3e22e61.html
Lola: 260 ta buyurtma -> lola-4c38ec7ed8fc.html
Baza: 131 ta buyurtma -> baza-37691cb3e643.html
Asliddin: 199 ta buyurtma -> asliddin-6d579834e51a.html
Sevinch: 228 ta buyurtma -> sevinch-a35ba5dc260b.html
Saidaziz: 163 ta buyurtma -> saidaziz-ff6799c35a4a.html
Sevinchxon: 88 ta buyurtma -> sevinchxon-7192a65dcf40.html
Charos: 72 ta buyurtma -> charos-9e0fade90718.html
Marjona: 39 ta buyurtma -> marjona-216855469c6f.html
Maftuna: 79 ta buyurtma -> maftuna-b28412e1865b.html
NEW: 3 ta buyurtma -> new-b92dd8cab018.html
Kompaniya: 13 ta buyurtma -> kompaniya-89b4f2941708.html
Hayot: 7 ta buyurtma -> hayot-f6c968caa0ca.html

Jami 16 ta ROP dashboard yaratildi: /root/sales_dashboard/docs
[main 83763961] Avtomat yangilash: 27.08.2026 14:40
 17 files changed, 108 insertions(+), 24 deletions(-)
Current branch main is up to date.
To https://github.com/rustamov0277-cmd/sales-dashboard.git
   16fba645..83763961  main -> main
14:40 - yangilandi
